 
****************************************
Report : hierarchy
        -full
Design : ecc_enc_dec
Version: O-2018.06-SP4
Date   : Sun Dec 26 19:21:06 2021
****************************************

ecc_enc_dec
    AND2X1                                  slow
    AND2X2                                  slow
    AND2X4                                  slow
    AOI22X1                                 slow
    AOI22X2                                 slow
    AOI22X4                                 slow
    AOI22XL                                 slow
    BUFX3                                   slow
    CLKINVX2                                slow
    CLKINVX3                                slow
    CLKINVX4                                slow
    CLKINVX8                                slow
    CLKINVX20                               slow
    DLY1X1                                  slow
    INVX1                                   slow
    INVX2                                   slow
    INVX3                                   slow
    INVX4                                   slow
    INVX8                                   slow
    INVX12                                  slow
    INVX16                                  slow
    INVX20                                  slow
    INVXL                                   slow
    NAND2X4                                 slow
    NAND2XL                                 slow
    NOR2X4                                  slow
    OAI2BB2X4                               slow
    OR2X4                                   slow
    apb
        NAND2X1                             slow
        NOR2BX1                             slow
    control_unit
        AND2X4                              slow
        INVX8                               slow
        NAND2X1                             slow
        NAND2XL                             slow
    decoder_DATA_WIDTH32
        AND2X2                              slow
        AND2X4                              slow
        AOI22X1                             slow
        AOI22X2                             slow
        AOI22X4                             slow
        AOI22XL                             slow
        BUFX3                               slow
        BUFX8                               slow
        BUFX12                              slow
        BUFX16                              slow
        BUFX20                              slow
        CLKBUFX2                            slow
        CLKBUFX20                           slow
        CLKINVX8                            slow
        INVX1                               slow
        INVX4                               slow
        INVX8                               slow
        NAND2X1                             slow
        NAND2X2                             slow
        NAND2X4                             slow
        NOR2BX1                             slow
        NOR2X2                              slow
        OAI2BB1X1                           slow
        OAI2BB1X4                           slow
        mat_mult_DATA_WIDTH32
            mat_mult_3_DATA_WIDTH32
                CLKINVX3                    slow
                INVX1                       slow
                INVX4                       slow
                INVX8                       slow
                NAND2X1                     slow
                NOR2X1                      slow
                OAI22X4                     slow
                OAI222X4                    slow
                OR2X1                       slow
                XNOR2X1                     slow
                XNOR2X4                     slow
                XNOR2XL                     slow
                XOR2X1                      slow
                XOR2X2                      slow
                XOR2X4                      slow
                XOR2XL                      slow
        mux_H1
            AND2X1                          slow
            AOI2BB1X1                       slow
            BUFX3                           slow
            INVX1                           slow
            INVX4                           slow
            INVX12                          slow
            NAND2X1                         slow
            NAND3X1                         slow
            NAND4XL                         slow
            NOR2X1                          slow
            NOR2X2                          slow
            NOR2XL                          slow
            NOR3XL                          slow
            OAI21X2                         slow
            OAI21X4                         slow
            XOR2X1                          slow
            XOR2XL                          slow
        mux_H2
            AND2X1                          slow
            AND2X2                          slow
            AOI2BB1X1                       slow
            AOI21X1                         slow
            AOI21XL                         slow
            AOI211X4                        slow
            BUFX8                           slow
            BUFX12                          slow
            CLKBUFX8                        slow
            CLKINVX3                        slow
            CLKINVX4                        slow
            CLKINVX8                        slow
            INVX1                           slow
            INVX4                           slow
            INVX8                           slow
            INVX12                          slow
            INVXL                           slow
            NAND2BX2                        slow
            NAND2X1                         slow
            NAND2X4                         slow
            NAND2XL                         slow
            NAND3XL                         slow
            NAND4X1                         slow
            NAND4X4                         slow
            NAND4XL                         slow
            NOR2BX1                         slow
            NOR2X1                          slow
            NOR2X2                          slow
            NOR2X4                          slow
            NOR2XL                          slow
            NOR4BXL                         slow
            NOR4XL                          slow
            OAI21X2                         slow
            OAI21X4                         slow
            OAI32X1                         slow
            OAI32X4                         slow
            OR2X2                           slow
            OR2X4                           slow
            OR3XL                           slow
            XOR2X1                          slow
            XOR2X2                          slow
        mux_H3
            AND2X1                          slow
            AND2X2                          slow
            AND2X4                          slow
            AND3X4                          slow
            AND4X1                          slow
            AOI2BB1X2                       slow
            AOI21X1                         slow
            AOI21X2                         slow
            AOI21X4                         slow
            AOI21XL                         slow
            AOI32X4                         slow
            AOI221X4                        slow
            BUFX3                           slow
            BUFX8                           slow
            BUFX12                          slow
            BUFX20                          slow
            CLKBUFX8                        slow
            CLKBUFX20                       slow
            CLKINVX3                        slow
            CLKINVX20                       slow
            CLKINVXL                        slow
            INVX1                           slow
            INVX4                           slow
            INVX8                           slow
            INVX16                          slow
            INVX20                          slow
            INVXL                           slow
            NAND2BX1                        slow
            NAND2BXL                        slow
            NAND2X1                         slow
            NAND2X2                         slow
            NAND2X4                         slow
            NAND2XL                         slow
            NAND3XL                         slow
            NAND4X1                         slow
            NAND4XL                         slow
            NOR2X1                          slow
            NOR2X2                          slow
            NOR2X4                          slow
            NOR2XL                          slow
            NOR3XL                          slow
            NOR4BX1                         slow
            NOR4BXL                         slow
            OAI21X1                         slow
            OAI21X4                         slow
            OAI21XL                         slow
            OAI32X1                         slow
            OAI32X2                         slow
            OAI32X4                         slow
            OAI32XL                         slow
            OAI211X4                        slow
            OR2X2                           slow
            OR2X4                           slow
            XNOR2X1                         slow
            XOR2X1                          slow
            XOR2X2                          slow
            XOR2XL                          slow
    encoder_DATA_WIDTH32
        AND2X1                              slow
        AND2X2                              slow
        AOI22X1                             slow
        AOI22X2                             slow
        AOI22XL                             slow
        BUFX8                               slow
        BUFX20                              slow
        CLKINVX3                            slow
        CLKINVX8                            slow
        CLKINVX20                           slow
        INVX1                               slow
        INVX16                              slow
        NOR2BX4                             slow
        NOR2X2                              slow
        OAI2BB1X2                           slow
        OAI2BB1X4                           slow
        encode_H1_DATA_WIDTH32
            XOR2X1                          slow
            XOR2XL                          slow
        encode_H2_DATA_WIDTH32
            XNOR2X1                         slow
            XNOR2X2                         slow
            XOR2X1                          slow
            XOR2X2                          slow
            XOR2X4                          slow
            XOR2XL                          slow
        encode_H3_DATA_WIDTH32
            INVX1                           slow
            XNOR2X1                         slow
            XNOR2X2                         slow
            XNOR2X4                         slow
            XOR2X1                          slow
            XOR2X2                          slow
            XOR2X4                          slow
    noise_adder_DATA_WIDTH32
        XOR2X1                              slow
        XOR2X2                              slow
        XOR2X4                              slow
    op_done_logic
        DFFRHQX1                            slow
        INVX1                               slow
        NOR4BX1                             slow
    register_file_AMBA_WORD32
        AND2X2                              slow
        AND3X2                              slow
        AOI22X1                             slow
        AOI22XL                             slow
        BUFX4                               slow
        BUFX8                               slow
        BUFX12                              slow
        BUFX20                              slow
        CLKBUFX8                            slow
        CLKINVX3                            slow
        CLKINVXL                            slow
        DFFRHQX1                            slow
        DFFRHQX2                            slow
        DFFRHQX4                            slow
        DFFRX4                              slow
        INVX1                               slow
        INVX8                               slow
        INVXL                               slow
        NAND2X1                             slow
        NAND2XL                             slow
        NAND3X1                             slow
        NOR2X1                              slow
        OAI2BB2X1                           slow
        OAI22X1                             slow
        OAI222XL                            slow
1
