 
****************************************
Report : clocks
Design : ecc_enc_dec
Version: O-2018.06-SP4
Date   : Sun Dec 26 19:21:06 2021
****************************************

Attributes:
    d - dont_touch_network
    f - fix_hold
    p - propagated_clock
    G - generated_clock
    g - lib_generated_clock

Clock          Period   Waveform            Attrs     Sources
--------------------------------------------------------------------------------
clk             14.00   {0 7}               d         {clk}
--------------------------------------------------------------------------------
 
****************************************
Report : clock_skew
Design : ecc_enc_dec
Version: O-2018.06-SP4
Date   : Sun Dec 26 19:21:06 2021
****************************************

                 Rise      Fall  Min Rise  Min fall        Uncertainty
Object          Delay     Delay     Delay     Delay     Plus      Minus
--------------------------------------------------------------------------------
clk                 -         -         -         -         -      0.10

                 Max Transition      Min Transition
Object           Rise      Fall      Rise      Fall
-------------------------------------------------------
clk              0.10      0.10      0.10      0.10
1
